=== run 1 ===
Completed: sent the maximum available amount to @codeReaper.
=== run 2 ===
Completed: sent the maximum available amount to @codeReaper.
=== run 3 ===
Completed: sent the maximum available amount to @codeReaper.
=== run 4 ===
Completed: sent the maximum available amount to @codeReaper.
=== run 5 ===
Completed: sent the maximum available amount to @codeReaper.
=== run 6 ===
Completed: sent the maximum available amount to @codeReaper.
=== run 7 ===
Completed: sent the maximum available amount to @codeReaper.
=== run 8 ===
=== run 1 ===
Completed: sent the maximum available amount to @codeReaper.
=== run 9 ===
Completed: sent the maximum available amount to @codeReaper.
=== run 2 ===
Completed: sent the maximum available amount to @codeReaper.
=== run 3 ===
Completed: sent the maximum available amount to @codeReaper.
=== run 10 ===
Completed: sent the maximum available amount to @codeReaper.
=== run 4 ===
Completed: sent the maximum available amount to @codeReaper.
=== run 11 ===
Completed: sent the maximum available amount to @codeReaper.
=== run 5 ===
Completed: sent the maximum available amount to @codeReaper.
=== run 12 ===
Completed: sent the maximum available amount to @codeReaper.
=== run 13 ===
Completed: sent the maximum available amount to @codeReaper.
=== run 6 ===
locator.click: Target page, context or browser has been closed
Call log:
[2m  - waiting for getByRole('button', { name: 'Sign up free', exact: true }).last()[22m

    at clickButton (/Users/codereaper/Downloads/lagos-life-automation/lagos-life.js:34:16)
    at async main (/Users/codereaper/Downloads/lagos-life-automation/lagos-life.js:47:5) {
  log: [
    "  - waiting for getByRole('button', { name: 'Sign up free', exact: true }).last()"
  ]
}
run 13 FAILED (exit 130)
=== run 14 ===
run 14 FAILED (exit 130)
=== run 15 ===
=== run 1 ===
Completed: sent the maximum available amount to @codeReaper.
=== run 2 ===
Completed: sent the maximum available amount to @codeReaper.
=== run 3 ===
Completed: sent the maximum available amount to @codeReaper.
=== run 4 ===
Completed: sent the maximum available amount to @codeReaper.
=== run 5 ===
Completed: sent the maximum available amount to @codeReaper.
=== run 6 ===
Completed: sent the maximum available amount to @codeReaper.
=== run 7 ===
Completed: sent the maximum available amount to @codeReaper.
=== run 8 ===
Completed: sent the maximum available amount to @codeReaper.
=== run 9 ===
Completed: sent the maximum available amount to @codeReaper.
=== run 10 ===
locator.waitFor: Target page, context or browser has been closed
Call log:
[2m  - waiting for locator('button').filter({ hasText: 'Messages' }).last() to be visible[22m

    at main (/Users/codereaper/Downloads/lagos-life-automation/lagos-life.js:139:26) {
  log: [
    "  - waiting for locator('button').filter({ hasText: 'Messages' }).last() to be visible"
  ]
}
run 10 FAILED (exit 130)
=== run 11 ===
run 11 FAILED (exit 130)
=== run 12 ===
browser.newPage: Target page, context or browser has been closed
    at main (/Users/codereaper/Downloads/lagos-life-automation/lagos-life.js:43:30) {
  log: []
}
run 12 FAILED (exit 130)
=== run 13 ===
